// Vitest Snapshot v1, https://vitest.dev/guide/snapshot.html

exports[`Slider > renders correctly 1`] = `
<div>
  <div
    class="touch-pan-y relative w-full h-44 py-2"
  >
    <div
      class="absolute s-bg-disabled-subtle h-4 top-20 rounded-4 w-full  "
    />
    <div
      class="absolute s-bg-primary h-6 top-[19px] rounded-4 "
      style="left: 0px;"
    />
    <div
      aria-valuemax="100"
      aria-valuemin="0"
      class="absolute transition-shadow w-24 h-24 bottom-10 rounded-4 outline-none  border-2 shadow-[--w-shadow-slider] cursor-pointer s-bg-primary s-border-primary hover:s-bg-primary-hover hover:s-border-primary-hover hover:shadow-[--w-shadow-slider-handle-hover] active:s-bg-primary-active active:s-border-primary-active active:shadow-[--w-shadow-slider-handle-active] focus:shadow-[--w-shadow-slider-handle-hover] focus:s-border-primary-hover focus:s-bg-primary-hover"
      role="slider"
      style="transform: translateX(NaNpx);"
      tabindex="0"
    />
  </div>
</div>
`;
